ERROR
WARNING
ERROR
ERROR
HELLO
TESTING
NOTHING
DUMMY FILE
ERROR
